testSearch>>>>
[ 1, 2, 3, 4, 5 ]
search>>2 1
search>>4 3
search>>5 4
search>>1 0
search>>3 2
search>>3 -1
search>>3 -1
<<<testSearch
